
> NairaBankPersonal@1.0.0 android
> react-native run-android

warn Package @truly-you/react-native-sdk contains invalid configuration: "dependency.platforms.ios.project" is not allowed. Please verify it's properly linked using "npx react-native config" command and contact the package maintainers about this.
(node:88711) [DEP0040] DeprecationWarning: The `punycode` module is deprecated. Please use a userland alternative instead.
(Use `node --trace-deprecation ...` to show where the warning was created)
info A dev server is already running for this project on port 8081.
info Installing the app...
Starting a Gradle Daemon (subsequent builds will be faster)
> Task :gradle-plugin:compileKotlin UP-TO-DATE
> Task :gradle-plugin:compileJava NO-SOURCE
> Task :gradle-plugin:pluginDescriptors UP-TO-DATE
> Task :gradle-plugin:processResources UP-TO-DATE
> Task :gradle-plugin:classes UP-TO-DATE
> Task :gradle-plugin:jar UP-TO-DATE
> Task :gradle-plugin:inspectClassesForKotlinIC UP-TO-DATE

> Configure project :app
Reading env from: .env

> Configure project :react-native-reanimated
Android gradle plugin: 8.5.2
Gradle: 8.7

> Configure project :react-native-vision-camera
[VisionCamera] Thank you for using VisionCamera ❤️
[VisionCamera] If you enjoy using VisionCamera, please consider sponsoring this project: https://github.com/sponsors/mrousavy
[VisionCamera] node_modules found at /Users/roryspies/Development/truly-new/demos/demo-mobile-banking-personal/node_modules
[VisionCamera] VisionCamera_enableFrameProcessors is set to true!
[VisionCamera] react-native-worklets-core not found, Frame Processors are disabled!
[VisionCamera] VisionCamera_enableCodeScanner is set to false!
WARNING: We recommend using a newer Android Gradle plugin to use compileSdk = 35

This Android Gradle plugin (8.5.2) was tested up to compileSdk = 34.

You are strongly encouraged to update your project to use a newer
Android Gradle plugin that has been tested with compileSdk = 35.

If you are already using the latest version of the Android Gradle plugin,
you may need to wait until a newer version with support for compileSdk = 35 is available.

For more information refer to the compatibility table:
https://d.android.com/r/tools/api-level-support

To suppress this warning, add/update
    android.suppressUnsupportedCompileSdk=35
to this project's gradle.properties.

> Task :app:checkKotlinGradlePluginConfigurationErrors SKIPPED
> Task :app:generateCodegenSchemaFromJavaScript SKIPPED
> Task :app:generateCodegenArtifactsFromSchema SKIPPED
> Task :app:generatePackageList
> Task :app:preBuild
> Task :app:preDebugBuild
> Task :app:generateDebugBuildConfig UP-TO-DATE
> Task :react-native-async-storage_async-storage:preBuild UP-TO-DATE
> Task :react-native-async-storage_async-storage:preDebugBuild UP-TO-DATE
> Task :react-native-async-storage_async-storage:writeDebugAarMetadata UP-TO-DATE
> Task :react-native-config:preBuild UP-TO-DATE
> Task :react-native-config:preDebugBuild UP-TO-DATE
> Task :react-native-config:writeDebugAarMetadata UP-TO-DATE
> Task :react-native-passkey:preBuild UP-TO-DATE
> Task :react-native-passkey:preDebugBuild UP-TO-DATE
> Task :react-native-passkey:writeDebugAarMetadata UP-TO-DATE
> Task :react-native-reanimated:assertLatestReactNativeWithNewArchitectureTask SKIPPED
> Task :react-native-reanimated:assertMinimalReactNativeVersionTask SKIPPED
> Task :react-native-reanimated:prepareHeadersForPrefab UP-TO-DATE
> Task :react-native-reanimated:preBuild UP-TO-DATE
> Task :react-native-reanimated:preDebugBuild UP-TO-DATE
> Task :react-native-reanimated:writeDebugAarMetadata UP-TO-DATE
> Task :react-native-vision-camera:prepareHeaders UP-TO-DATE
> Task :react-native-vision-camera:preBuild UP-TO-DATE
> Task :react-native-vision-camera:preDebugBuild UP-TO-DATE
> Task :react-native-vision-camera:writeDebugAarMetadata UP-TO-DATE
> Task :truly-you_react-native-sdk:preBuild UP-TO-DATE
> Task :truly-you_react-native-sdk:preDebugBuild UP-TO-DATE
> Task :truly-you_react-native-sdk:writeDebugAarMetadata UP-TO-DATE
> Task :app:checkDebugAarMetadata UP-TO-DATE
> Task :app:createBundleDebugJsAndAssets UP-TO-DATE
> Task :app:generateDebugResValues UP-TO-DATE
> Task :react-native-async-storage_async-storage:generateDebugResValues UP-TO-DATE
> Task :react-native-async-storage_async-storage:generateDebugResources UP-TO-DATE
> Task :react-native-async-storage_async-storage:packageDebugResources UP-TO-DATE
> Task :react-native-config:generateDebugResValues UP-TO-DATE
> Task :react-native-config:generateDebugResources UP-TO-DATE
> Task :react-native-config:packageDebugResources UP-TO-DATE
> Task :react-native-passkey:generateDebugResValues UP-TO-DATE
> Task :react-native-passkey:generateDebugResources UP-TO-DATE
> Task :react-native-passkey:packageDebugResources UP-TO-DATE
> Task :react-native-reanimated:generateDebugResValues UP-TO-DATE
> Task :react-native-reanimated:generateDebugResources UP-TO-DATE
> Task :react-native-reanimated:packageDebugResources UP-TO-DATE
> Task :react-native-vision-camera:generateDebugResValues UP-TO-DATE
> Task :react-native-vision-camera:generateDebugResources UP-TO-DATE
> Task :react-native-vision-camera:packageDebugResources UP-TO-DATE
> Task :truly-you_react-native-sdk:generateDebugResValues UP-TO-DATE
> Task :truly-you_react-native-sdk:generateDebugResources
> Task :truly-you_react-native-sdk:packageDebugResources
> Task :app:mapDebugSourceSetPaths
> Task :app:generateDebugResources UP-TO-DATE
> Task :app:packageDebugResources UP-TO-DATE
> Task :app:parseDebugLocalResources UP-TO-DATE
> Task :app:createDebugCompatibleScreenManifests UP-TO-DATE
> Task :app:extractDeepLinksDebug UP-TO-DATE
> Task :react-native-async-storage_async-storage:extractDeepLinksDebug UP-TO-DATE
> Task :react-native-async-storage_async-storage:processDebugManifest UP-TO-DATE
> Task :react-native-config:extractDeepLinksDebug UP-TO-DATE
> Task :react-native-config:processDebugManifest UP-TO-DATE
> Task :react-native-passkey:extractDeepLinksDebug UP-TO-DATE
> Task :react-native-passkey:processDebugManifest UP-TO-DATE
> Task :react-native-reanimated:extractDeepLinksDebug UP-TO-DATE
> Task :react-native-reanimated:processDebugManifest UP-TO-DATE
> Task :react-native-vision-camera:extractDeepLinksDebug UP-TO-DATE
> Task :react-native-vision-camera:processDebugManifest UP-TO-DATE
> Task :truly-you_react-native-sdk:extractDeepLinksDebug UP-TO-DATE
> Task :react-native-async-storage_async-storage:compileDebugLibraryResources UP-TO-DATE
> Task :react-native-async-storage_async-storage:parseDebugLocalResources UP-TO-DATE
> Task :react-native-async-storage_async-storage:generateDebugRFile UP-TO-DATE
> Task :react-native-config:compileDebugLibraryResources UP-TO-DATE
> Task :react-native-config:parseDebugLocalResources UP-TO-DATE
> Task :react-native-config:generateDebugRFile UP-TO-DATE
> Task :react-native-passkey:compileDebugLibraryResources UP-TO-DATE
> Task :react-native-passkey:parseDebugLocalResources UP-TO-DATE
> Task :react-native-passkey:generateDebugRFile UP-TO-DATE
> Task :react-native-reanimated:compileDebugLibraryResources UP-TO-DATE
> Task :react-native-reanimated:parseDebugLocalResources UP-TO-DATE
> Task :react-native-reanimated:generateDebugRFile UP-TO-DATE
> Task :react-native-vision-camera:compileDebugLibraryResources UP-TO-DATE
> Task :react-native-vision-camera:parseDebugLocalResources UP-TO-DATE
> Task :react-native-vision-camera:generateDebugRFile UP-TO-DATE
> Task :truly-you_react-native-sdk:compileDebugLibraryResources
> Task :react-native-async-storage_async-storage:generateDebugBuildConfig UP-TO-DATE
> Task :react-native-async-storage_async-storage:javaPreCompileDebug UP-TO-DATE
> Task :truly-you_react-native-sdk:processDebugManifest
> Task :react-native-async-storage_async-storage:compileDebugJavaWithJavac UP-TO-DATE
> Task :truly-you_react-native-sdk:parseDebugLocalResources
> Task :app:mergeDebugResources
> Task :app:processDebugMainManifest
> Task :app:processDebugManifest
> Task :react-native-async-storage_async-storage:bundleLibCompileToJarDebug UP-TO-DATE
> Task :react-native-config:generateDebugBuildConfig UP-TO-DATE
> Task :react-native-config:javaPreCompileDebug UP-TO-DATE
> Task :react-native-config:compileDebugJavaWithJavac UP-TO-DATE
> Task :react-native-config:bundleLibCompileToJarDebug UP-TO-DATE
> Task :react-native-passkey:checkKotlinGradlePluginConfigurationErrors SKIPPED
> Task :react-native-passkey:generateDebugBuildConfig UP-TO-DATE
> Task :truly-you_react-native-sdk:generateDebugRFile
> Task :react-native-passkey:compileDebugKotlin UP-TO-DATE
> Task :react-native-passkey:javaPreCompileDebug UP-TO-DATE
> Task :react-native-passkey:compileDebugJavaWithJavac UP-TO-DATE
> Task :react-native-passkey:bundleLibCompileToJarDebug UP-TO-DATE
> Task :react-native-reanimated:generateDebugBuildConfig UP-TO-DATE
> Task :react-native-reanimated:javaPreCompileDebug UP-TO-DATE
> Task :react-native-reanimated:packageNdkLibs NO-SOURCE
> Task :react-native-reanimated:compileDebugJavaWithJavac UP-TO-DATE
> Task :react-native-reanimated:bundleLibCompileToJarDebug UP-TO-DATE
> Task :react-native-vision-camera:checkKotlinGradlePluginConfigurationErrors SKIPPED
> Task :react-native-vision-camera:generateDebugBuildConfig UP-TO-DATE
> Task :react-native-vision-camera:compileDebugKotlin UP-TO-DATE
> Task :react-native-vision-camera:javaPreCompileDebug UP-TO-DATE
> Task :react-native-vision-camera:compileDebugJavaWithJavac UP-TO-DATE
> Task :react-native-vision-camera:bundleLibCompileToJarDebug UP-TO-DATE
> Task :truly-you_react-native-sdk:checkKotlinGradlePluginConfigurationErrors SKIPPED
> Task :truly-you_react-native-sdk:generateDebugBuildConfig UP-TO-DATE
> Task :truly-you_react-native-sdk:compileDebugKotlin NO-SOURCE
> Task :truly-you_react-native-sdk:javaPreCompileDebug UP-TO-DATE

> Task :truly-you_react-native-sdk:compileDebugJavaWithJavac

> Task :app:javaPreCompileDebug UP-TO-DATE
> Task :app:mergeDebugShaders UP-TO-DATE
> Task :app:compileDebugShaders NO-SOURCE
> Task :app:generateDebugAssets UP-TO-DATE
> Task :react-native-async-storage_async-storage:mergeDebugShaders UP-TO-DATE
> Task :react-native-async-storage_async-storage:compileDebugShaders NO-SOURCE
> Task :react-native-async-storage_async-storage:generateDebugAssets UP-TO-DATE
> Task :react-native-async-storage_async-storage:packageDebugAssets UP-TO-DATE
> Task :react-native-config:mergeDebugShaders UP-TO-DATE
> Task :react-native-config:compileDebugShaders NO-SOURCE
> Task :react-native-config:generateDebugAssets UP-TO-DATE
> Task :react-native-config:packageDebugAssets UP-TO-DATE
> Task :react-native-passkey:mergeDebugShaders UP-TO-DATE
> Task :react-native-passkey:compileDebugShaders NO-SOURCE
> Task :react-native-passkey:generateDebugAssets UP-TO-DATE
> Task :react-native-passkey:packageDebugAssets UP-TO-DATE
> Task :react-native-reanimated:mergeDebugShaders UP-TO-DATE
> Task :react-native-reanimated:compileDebugShaders NO-SOURCE
> Task :react-native-reanimated:generateDebugAssets UP-TO-DATE
> Task :react-native-reanimated:packageDebugAssets UP-TO-DATE
> Task :react-native-vision-camera:mergeDebugShaders UP-TO-DATE
> Task :react-native-vision-camera:compileDebugShaders NO-SOURCE
> Task :truly-you_react-native-sdk:bundleLibCompileToJarDebug
> Task :react-native-vision-camera:generateDebugAssets UP-TO-DATE
> Task :react-native-vision-camera:packageDebugAssets UP-TO-DATE
> Task :truly-you_react-native-sdk:mergeDebugShaders UP-TO-DATE
> Task :truly-you_react-native-sdk:compileDebugShaders NO-SOURCE
> Task :truly-you_react-native-sdk:generateDebugAssets UP-TO-DATE
> Task :truly-you_react-native-sdk:packageDebugAssets UP-TO-DATE
> Task :app:mergeDebugAssets UP-TO-DATE
> Task :app:processDebugManifestForPackage
> Task :app:compressDebugAssets UP-TO-DATE
> Task :react-native-passkey:bundleLibRuntimeToJarDebug UP-TO-DATE
> Task :truly-you_react-native-sdk:bundleLibRuntimeToJarDebug
> Task :react-native-vision-camera:bundleLibRuntimeToJarDebug UP-TO-DATE
> Task :react-native-config:bundleLibRuntimeToJarDebug UP-TO-DATE
> Task :react-native-async-storage_async-storage:bundleLibRuntimeToJarDebug UP-TO-DATE
> Task :react-native-reanimated:bundleLibRuntimeToJarDebug UP-TO-DATE
> Task :app:desugarDebugFileDependencies
> Task :react-native-async-storage_async-storage:processDebugJavaRes NO-SOURCE
> Task :react-native-config:processDebugJavaRes NO-SOURCE
> Task :react-native-passkey:processDebugJavaRes UP-TO-DATE
> Task :react-native-reanimated:processDebugJavaRes NO-SOURCE
> Task :react-native-vision-camera:processDebugJavaRes UP-TO-DATE
> Task :truly-you_react-native-sdk:processDebugJavaRes NO-SOURCE
> Task :app:mergeDebugStartupProfile UP-TO-DATE
> Task :app:mergeDebugJniLibFolders UP-TO-DATE
> Task :react-native-async-storage_async-storage:mergeDebugJniLibFolders UP-TO-DATE
> Task :react-native-async-storage_async-storage:mergeDebugNativeLibs NO-SOURCE
> Task :react-native-async-storage_async-storage:copyDebugJniLibsProjectOnly UP-TO-DATE
> Task :react-native-config:mergeDebugJniLibFolders UP-TO-DATE
> Task :react-native-config:mergeDebugNativeLibs NO-SOURCE
> Task :react-native-config:copyDebugJniLibsProjectOnly UP-TO-DATE
> Task :react-native-passkey:mergeDebugJniLibFolders UP-TO-DATE
> Task :react-native-passkey:mergeDebugNativeLibs NO-SOURCE
> Task :react-native-passkey:copyDebugJniLibsProjectOnly UP-TO-DATE
> Task :app:checkDebugDuplicateClasses
> Task :react-native-reanimated:configureCMakeDebug[arm64-v8a]
> Task :react-native-reanimated:buildCMakeDebug[arm64-v8a]
> Task :react-native-reanimated:configureCMakeDebug[armeabi-v7a]
> Task :react-native-reanimated:buildCMakeDebug[armeabi-v7a]
> Task :react-native-reanimated:configureCMakeDebug[x86]
> Task :app:processDebugResources
> Task :react-native-reanimated:buildCMakeDebug[x86]
> Task :react-native-reanimated:configureCMakeDebug[x86_64]
> Task :react-native-reanimated:buildCMakeDebug[x86_64]
> Task :react-native-reanimated:mergeDebugJniLibFolders UP-TO-DATE
> Task :react-native-reanimated:mergeDebugNativeLibs UP-TO-DATE
> Task :react-native-reanimated:copyDebugJniLibsProjectOnly UP-TO-DATE
> Task :react-native-vision-camera:configureCMakeDebug[arm64-v8a]
> Task :react-native-vision-camera:buildCMakeDebug[arm64-v8a]
> Task :react-native-vision-camera:configureCMakeDebug[armeabi-v7a]
> Task :react-native-vision-camera:buildCMakeDebug[armeabi-v7a]
> Task :react-native-vision-camera:configureCMakeDebug[x86]
> Task :react-native-vision-camera:buildCMakeDebug[x86]
> Task :react-native-vision-camera:configureCMakeDebug[x86_64]
> Task :react-native-vision-camera:buildCMakeDebug[x86_64]
> Task :react-native-vision-camera:mergeDebugJniLibFolders UP-TO-DATE
> Task :react-native-vision-camera:mergeDebugNativeLibs UP-TO-DATE
> Task :react-native-vision-camera:copyDebugJniLibsProjectOnly UP-TO-DATE
> Task :truly-you_react-native-sdk:mergeDebugJniLibFolders UP-TO-DATE
> Task :truly-you_react-native-sdk:mergeDebugNativeLibs NO-SOURCE
> Task :truly-you_react-native-sdk:copyDebugJniLibsProjectOnly UP-TO-DATE
> Task :app:mergeDebugNativeLibs UP-TO-DATE
> Task :app:stripDebugDebugSymbols UP-TO-DATE
> Task :app:validateSigningDebug UP-TO-DATE
> Task :app:writeDebugAppMetadata UP-TO-DATE
> Task :app:writeDebugSigningConfigVersions UP-TO-DATE
> Task :app:mergeLibDexDebug
> Task :app:compileDebugKotlin
> Task :app:compileDebugJavaWithJavac UP-TO-DATE
> Task :app:dexBuilderDebug
> Task :app:mergeDebugGlobalSynthetics UP-TO-DATE
> Task :app:processDebugJavaRes UP-TO-DATE
> Task :app:mergeProjectDexDebug
> Task :app:mergeDebugJavaResource
> Task :app:mergeExtDexDebug
> Task :app:packageDebug
> Task :app:createDebugApkListingFileRedirect UP-TO-DATE

> Task :app:installDebug
Installing APK 'app-debug.apk' on 'SM-S928B - 16' for :app:debug
Installed on 1 device.

Deprecated Gradle features were used in this build, making it incompatible with Gradle 9.0.

You can use '--warning-mode all' to show the individual deprecation warnings and determine if they come from your own scripts or plugins.

For more on this, please refer to https://docs.gradle.org/8.7/userguide/command_line_interface.html#sec:command_line_warnings in the Gradle documentation.

BUILD SUCCESSFUL in 54s
178 actionable tasks: 42 executed, 136 up-to-date
info Connecting to the development server...
8081
info Starting the app on "R5CX13JLCFA"...
Starting: Intent { act=android.intent.action.MAIN cat=[android.intent.category.LAUNCHER] cmp=com.nairabankmobile/.MainActivity }
